00:59:59 **** Incremental Build of configuration Debug for project TEST_FREERTOS ****
make -j8 all 
arm-none-eabi-size  TEST_FREERTOS.elf 
   text	   data	    bss	    dec	    hex	filename
  24292	     96	  25064	  49452	   c12c	TEST_FREERTOS.elf
Finished building: default.size.stdout
 
01:00:03 **** Incremental Build of configuration Debug for project TEST_FREERTOS ****
make -j8 all 
arm-none-eabi-size  TEST_FREERTOS.elf 
   text	   data	    bss	    dec	    hex	filename
  24292	     96	  25064	  49452	   c12c	TEST_FREERTOS.elf
Finished building: default.size.stdout
 
